------------------------------------------------------------
Timing Analyzer Summary
------------------------------------------------------------

Type  : Slow 1100mV 85C Model Setup 'clk'
Slack : -7.212
TNS   : -3353.976

Type  : Slow 1100mV 85C Model Hold 'clk'
Slack : 0.293
TNS   : 0.000

Type  : Slow 1100mV 85C Model Minimum Pulse Width 'clk'
Slack : -4.555
TNS   : -2992.263

Type  : Slow 1100mV 0C Model Setup 'clk'
Slack : -7.507
TNS   : -3317.206

Type  : Slow 1100mV 0C Model Hold 'clk'
Slack : 0.285
TNS   : 0.000

Type  : Slow 1100mV 0C Model Minimum Pulse Width 'clk'
Slack : -4.555
TNS   : -2991.397

Type  : Fast 1100mV 85C Model Setup 'clk'
Slack : -2.352
TNS   : -943.807

Type  : Fast 1100mV 85C Model Hold 'clk'
Slack : 0.136
TNS   : 0.000

Type  : Fast 1100mV 85C Model Minimum Pulse Width 'clk'
Slack : -2.636
TNS   : -1307.944

Type  : Fast 1100mV 0C Model Setup 'clk'
Slack : -2.153
TNS   : -789.684

Type  : Fast 1100mV 0C Model Hold 'clk'
Slack : 0.125
TNS   : 0.000

Type  : Fast 1100mV 0C Model Minimum Pulse Width 'clk'
Slack : -2.636
TNS   : -1309.712

------------------------------------------------------------
